exports[`Dropdown renders correctly 1`] = `
<div
  className="dropdown"
  style={undefined} />
`;
