exports[`Teaser renders correctly 1`] = `
<div
  className="teaser" />
`;
